// Jest Snapshot v1, https://goo.gl/fbAQLP

exports[`Aged Brie Aging of Aged Brie (sell in < quality) 1`] = `
[
  "--- Next day ---",
  "Aged Brie -> 31",
  "",
  "--- Next day ---",
  "Aged Brie -> 32",
  "",
  "--- Next day ---",
  "Aged Brie -> 33",
  "",
  "--- Next day ---",
  "Aged Brie -> 34",
  "",
  "--- Next day ---",
  "Aged Brie -> 35",
  "",
  "--- Next day ---",
  "Aged Brie -> 36",
  "",
  "--- Next day ---",
  "Aged Brie -> 37",
  "",
  "--- Next day ---",
  "Aged Brie -> 38",
  "",
  "--- Next day ---",
  "Aged Brie -> 39",
  "",
  "--- Next day ---",
  "Aged Brie -> 40",
  "",
  "--- Next day ---",
  "Aged Brie -> 42",
  "",
  "--- Next day ---",
  "Aged Brie -> 44",
  "",
  "--- Next day ---",
  "Aged Brie -> 46",
  "",
  "--- Next day ---",
  "Aged Brie -> 48",
  "",
  "--- Next day ---",
  "Aged Brie -> 50",
  "",
  "--- Next day ---",
  "Aged Brie -> 50",
  "",
  "--- Next day ---",
  "Aged Brie -> 50",
  "",
  "--- Next day ---",
  "Aged Brie -> 50",
  "",
  "--- Next day ---",
  "Aged Brie -> 50",
  "",
  "--- Next day ---",
  "Aged Brie -> 50",
  "",
  "--- Next day ---",
  "Aged Brie -> 50",
  "",
  "--- Next day ---",
  "Aged Brie -> 50",
  "",
  "--- Next day ---",
  "Aged Brie -> 50",
  "",
  "--- Next day ---",
  "Aged Brie -> 50",
  "",
  "--- Next day ---",
  "Aged Brie -> 50",
  "",
  "--- Next day ---",
  "Aged Brie -> 50",
  "",
  "--- Next day ---",
  "Aged Brie -> 50",
  "",
  "--- Next day ---",
  "Aged Brie -> 50",
  "",
  "--- Next day ---",
  "Aged Brie -> 50",
  "",
  "--- Next day ---",
  "Aged Brie -> 50",
  "",
  "--- Next day ---",
  "Aged Brie -> 50",
  "",
  "--- Next day ---",
  "Aged Brie -> 50",
  "",
  "--- Next day ---",
  "Aged Brie -> 50",
  "",
  "--- Next day ---",
  "Aged Brie -> 50",
  "",
  "--- Next day ---",
  "Aged Brie -> 50",
  "",
  "--- Next day ---",
  "Aged Brie -> 50",
  "",
  "--- Next day ---",
  "Aged Brie -> 50",
  "",
  "--- Next day ---",
  "Aged Brie -> 50",
  "",
  "--- Next day ---",
  "Aged Brie -> 50",
  "",
  "--- Next day ---",
  "Aged Brie -> 50",
  "",
  "--- Next day ---",
  "Aged Brie -> 50",
  "",
  "--- Next day ---",
  "Aged Brie -> 50",
  "",
  "--- Next day ---",
  "Aged Brie -> 50",
  "",
  "--- Next day ---",
  "Aged Brie -> 50",
  "",
  "--- Next day ---",
  "Aged Brie -> 50",
  "",
  "--- Next day ---",
  "Aged Brie -> 50",
  "",
  "--- Next day ---",
  "Aged Brie -> 50",
  "",
  "--- Next day ---",
  "Aged Brie -> 50",
  "",
  "--- Next day ---",
  "Aged Brie -> 50",
  "",
  "--- Next day ---",
  "Aged Brie -> 50",
  "",
]
`;

exports[`Aged Brie Aging of Aged Brie (sell in > quality) 1`] = `
[
  "--- Next day ---",
  "Aged Brie -> 11",
  "",
  "--- Next day ---",
  "Aged Brie -> 12",
  "",
  "--- Next day ---",
  "Aged Brie -> 13",
  "",
  "--- Next day ---",
  "Aged Brie -> 14",
  "",
  "--- Next day ---",
  "Aged Brie -> 15",
  "",
  "--- Next day ---",
  "Aged Brie -> 16",
  "",
  "--- Next day ---",
  "Aged Brie -> 17",
  "",
  "--- Next day ---",
  "Aged Brie -> 18",
  "",
  "--- Next day ---",
  "Aged Brie -> 19",
  "",
  "--- Next day ---",
  "Aged Brie -> 20",
  "",
  "--- Next day ---",
  "Aged Brie -> 21",
  "",
  "--- Next day ---",
  "Aged Brie -> 22",
  "",
  "--- Next day ---",
  "Aged Brie -> 23",
  "",
  "--- Next day ---",
  "Aged Brie -> 24",
  "",
  "--- Next day ---",
  "Aged Brie -> 25",
  "",
  "--- Next day ---",
  "Aged Brie -> 26",
  "",
  "--- Next day ---",
  "Aged Brie -> 27",
  "",
  "--- Next day ---",
  "Aged Brie -> 28",
  "",
  "--- Next day ---",
  "Aged Brie -> 29",
  "",
  "--- Next day ---",
  "Aged Brie -> 30",
  "",
  "--- Next day ---",
  "Aged Brie -> 31",
  "",
  "--- Next day ---",
  "Aged Brie -> 32",
  "",
  "--- Next day ---",
  "Aged Brie -> 33",
  "",
  "--- Next day ---",
  "Aged Brie -> 34",
  "",
  "--- Next day ---",
  "Aged Brie -> 35",
  "",
  "--- Next day ---",
  "Aged Brie -> 36",
  "",
  "--- Next day ---",
  "Aged Brie -> 37",
  "",
  "--- Next day ---",
  "Aged Brie -> 38",
  "",
  "--- Next day ---",
  "Aged Brie -> 39",
  "",
  "--- Next day ---",
  "Aged Brie -> 40",
  "",
  "--- Next day ---",
  "Aged Brie -> 42",
  "",
  "--- Next day ---",
  "Aged Brie -> 44",
  "",
  "--- Next day ---",
  "Aged Brie -> 46",
  "",
  "--- Next day ---",
  "Aged Brie -> 48",
  "",
  "--- Next day ---",
  "Aged Brie -> 50",
  "",
  "--- Next day ---",
  "Aged Brie -> 50",
  "",
  "--- Next day ---",
  "Aged Brie -> 50",
  "",
  "--- Next day ---",
  "Aged Brie -> 50",
  "",
  "--- Next day ---",
  "Aged Brie -> 50",
  "",
  "--- Next day ---",
  "Aged Brie -> 50",
  "",
  "--- Next day ---",
  "Aged Brie -> 50",
  "",
  "--- Next day ---",
  "Aged Brie -> 50",
  "",
  "--- Next day ---",
  "Aged Brie -> 50",
  "",
  "--- Next day ---",
  "Aged Brie -> 50",
  "",
  "--- Next day ---",
  "Aged Brie -> 50",
  "",
  "--- Next day ---",
  "Aged Brie -> 50",
  "",
  "--- Next day ---",
  "Aged Brie -> 50",
  "",
  "--- Next day ---",
  "Aged Brie -> 50",
  "",
  "--- Next day ---",
  "Aged Brie -> 50",
  "",
  "--- Next day ---",
  "Aged Brie -> 50",
  "",
]
`;

exports[`All combined All combined (sell in < quality) 1`] = `
[
  "--- Next day ---",
  "Common Item -> 29",
  "Aged Brie -> 31",
  "Sulfuras, Hand of Ragnaros -> 80",
  "Backstage passes to a TAFKAL80ETC concert -> 32",
  "",
  "--- Next day ---",
  "Common Item -> 28",
  "Aged Brie -> 32",
  "Sulfuras, Hand of Ragnaros -> 80",
  "Backstage passes to a TAFKAL80ETC concert -> 34",
  "",
  "--- Next day ---",
  "Common Item -> 27",
  "Aged Brie -> 33",
  "Sulfuras, Hand of Ragnaros -> 80",
  "Backstage passes to a TAFKAL80ETC concert -> 36",
  "",
  "--- Next day ---",
  "Common Item -> 26",
  "Aged Brie -> 34",
  "Sulfuras, Hand of Ragnaros -> 80",
  "Backstage passes to a TAFKAL80ETC concert -> 38",
  "",
  "--- Next day ---",
  "Common Item -> 25",
  "Aged Brie -> 35",
  "Sulfuras, Hand of Ragnaros -> 80",
  "Backstage passes to a TAFKAL80ETC concert -> 40",
  "",
  "--- Next day ---",
  "Common Item -> 24",
  "Aged Brie -> 36",
  "Sulfuras, Hand of Ragnaros -> 80",
  "Backstage passes to a TAFKAL80ETC concert -> 43",
  "",
  "--- Next day ---",
  "Common Item -> 23",
  "Aged Brie -> 37",
  "Sulfuras, Hand of Ragnaros -> 80",
  "Backstage passes to a TAFKAL80ETC concert -> 46",
  "",
  "--- Next day ---",
  "Common Item -> 22",
  "Aged Brie -> 38",
  "Sulfuras, Hand of Ragnaros -> 80",
  "Backstage passes to a TAFKAL80ETC concert -> 49",
  "",
  "--- Next day ---",
  "Common Item -> 21",
  "Aged Brie -> 39",
  "Sulfuras, Hand of Ragnaros -> 80",
  "Backstage passes to a TAFKAL80ETC concert -> 50",
  "",
  "--- Next day ---",
  "Common Item -> 20",
  "Aged Brie -> 40",
  "Sulfuras, Hand of Ragnaros -> 80",
  "Backstage passes to a TAFKAL80ETC concert -> 50",
  "",
  "--- Next day ---",
  "Common Item -> 18",
  "Aged Brie -> 42",
  "Sulfuras, Hand of Ragnaros -> 80",
  "Backstage passes to a TAFKAL80ETC concert -> 0",
  "",
  "--- Next day ---",
  "Common Item -> 16",
  "Aged Brie -> 44",
  "Sulfuras, Hand of Ragnaros -> 80",
  "Backstage passes to a TAFKAL80ETC concert -> 0",
  "",
  "--- Next day ---",
  "Common Item -> 14",
  "Aged Brie -> 46",
  "Sulfuras, Hand of Ragnaros -> 80",
  "Backstage passes to a TAFKAL80ETC concert -> 0",
  "",
  "--- Next day ---",
  "Common Item -> 12",
  "Aged Brie -> 48",
  "Sulfuras, Hand of Ragnaros -> 80",
  "Backstage passes to a TAFKAL80ETC concert -> 0",
  "",
  "--- Next day ---",
  "Common Item -> 10",
  "Aged Brie -> 50",
  "Sulfuras, Hand of Ragnaros -> 80",
  "Backstage passes to a TAFKAL80ETC concert -> 0",
  "",
  "--- Next day ---",
  "Common Item -> 8",
  "Aged Brie -> 50",
  "Sulfuras, Hand of Ragnaros -> 80",
  "Backstage passes to a TAFKAL80ETC concert -> 0",
  "",
  "--- Next day ---",
  "Common Item -> 6",
  "Aged Brie -> 50",
  "Sulfuras, Hand of Ragnaros -> 80",
  "Backstage passes to a TAFKAL80ETC concert -> 0",
  "",
  "--- Next day ---",
  "Common Item -> 4",
  "Aged Brie -> 50",
  "Sulfuras, Hand of Ragnaros -> 80",
  "Backstage passes to a TAFKAL80ETC concert -> 0",
  "",
  "--- Next day ---",
  "Common Item -> 2",
  "Aged Brie -> 50",
  "Sulfuras, Hand of Ragnaros -> 80",
  "Backstage passes to a TAFKAL80ETC concert -> 0",
  "",
  "--- Next day ---",
  "Common Item -> 0",
  "Aged Brie -> 50",
  "Sulfuras, Hand of Ragnaros -> 80",
  "Backstage passes to a TAFKAL80ETC concert -> 0",
  "",
  "--- Next day ---",
  "Common Item -> 0",
  "Aged Brie -> 50",
  "Sulfuras, Hand of Ragnaros -> 80",
  "Backstage passes to a TAFKAL80ETC concert -> 0",
  "",
  "--- Next day ---",
  "Common Item -> 0",
  "Aged Brie -> 50",
  "Sulfuras, Hand of Ragnaros -> 80",
  "Backstage passes to a TAFKAL80ETC concert -> 0",
  "",
  "--- Next day ---",
  "Common Item -> 0",
  "Aged Brie -> 50",
  "Sulfuras, Hand of Ragnaros -> 80",
  "Backstage passes to a TAFKAL80ETC concert -> 0",
  "",
  "--- Next day ---",
  "Common Item -> 0",
  "Aged Brie -> 50",
  "Sulfuras, Hand of Ragnaros -> 80",
  "Backstage passes to a TAFKAL80ETC concert -> 0",
  "",
  "--- Next day ---",
  "Common Item -> 0",
  "Aged Brie -> 50",
  "Sulfuras, Hand of Ragnaros -> 80",
  "Backstage passes to a TAFKAL80ETC concert -> 0",
  "",
  "--- Next day ---",
  "Common Item -> 0",
  "Aged Brie -> 50",
  "Sulfuras, Hand of Ragnaros -> 80",
  "Backstage passes to a TAFKAL80ETC concert -> 0",
  "",
  "--- Next day ---",
  "Common Item -> 0",
  "Aged Brie -> 50",
  "Sulfuras, Hand of Ragnaros -> 80",
  "Backstage passes to a TAFKAL80ETC concert -> 0",
  "",
  "--- Next day ---",
  "Common Item -> 0",
  "Aged Brie -> 50",
  "Sulfuras, Hand of Ragnaros -> 80",
  "Backstage passes to a TAFKAL80ETC concert -> 0",
  "",
  "--- Next day ---",
  "Common Item -> 0",
  "Aged Brie -> 50",
  "Sulfuras, Hand of Ragnaros -> 80",
  "Backstage passes to a TAFKAL80ETC concert -> 0",
  "",
  "--- Next day ---",
  "Common Item -> 0",
  "Aged Brie -> 50",
  "Sulfuras, Hand of Ragnaros -> 80",
  "Backstage passes to a TAFKAL80ETC concert -> 0",
  "",
  "--- Next day ---",
  "Common Item -> 0",
  "Aged Brie -> 50",
  "Sulfuras, Hand of Ragnaros -> 80",
  "Backstage passes to a TAFKAL80ETC concert -> 0",
  "",
  "--- Next day ---",
  "Common Item -> 0",
  "Aged Brie -> 50",
  "Sulfuras, Hand of Ragnaros -> 80",
  "Backstage passes to a TAFKAL80ETC concert -> 0",
  "",
  "--- Next day ---",
  "Common Item -> 0",
  "Aged Brie -> 50",
  "Sulfuras, Hand of Ragnaros -> 80",
  "Backstage passes to a TAFKAL80ETC concert -> 0",
  "",
  "--- Next day ---",
  "Common Item -> 0",
  "Aged Brie -> 50",
  "Sulfuras, Hand of Ragnaros -> 80",
  "Backstage passes to a TAFKAL80ETC concert -> 0",
  "",
  "--- Next day ---",
  "Common Item -> 0",
  "Aged Brie -> 50",
  "Sulfuras, Hand of Ragnaros -> 80",
  "Backstage passes to a TAFKAL80ETC concert -> 0",
  "",
  "--- Next day ---",
  "Common Item -> 0",
  "Aged Brie -> 50",
  "Sulfuras, Hand of Ragnaros -> 80",
  "Backstage passes to a TAFKAL80ETC concert -> 0",
  "",
  "--- Next day ---",
  "Common Item -> 0",
  "Aged Brie -> 50",
  "Sulfuras, Hand of Ragnaros -> 80",
  "Backstage passes to a TAFKAL80ETC concert -> 0",
  "",
  "--- Next day ---",
  "Common Item -> 0",
  "Aged Brie -> 50",
  "Sulfuras, Hand of Ragnaros -> 80",
  "Backstage passes to a TAFKAL80ETC concert -> 0",
  "",
  "--- Next day ---",
  "Common Item -> 0",
  "Aged Brie -> 50",
  "Sulfuras, Hand of Ragnaros -> 80",
  "Backstage passes to a TAFKAL80ETC concert -> 0",
  "",
  "--- Next day ---",
  "Common Item -> 0",
  "Aged Brie -> 50",
  "Sulfuras, Hand of Ragnaros -> 80",
  "Backstage passes to a TAFKAL80ETC concert -> 0",
  "",
  "--- Next day ---",
  "Common Item -> 0",
  "Aged Brie -> 50",
  "Sulfuras, Hand of Ragnaros -> 80",
  "Backstage passes to a TAFKAL80ETC concert -> 0",
  "",
  "--- Next day ---",
  "Common Item -> 0",
  "Aged Brie -> 50",
  "Sulfuras, Hand of Ragnaros -> 80",
  "Backstage passes to a TAFKAL80ETC concert -> 0",
  "",
  "--- Next day ---",
  "Common Item -> 0",
  "Aged Brie -> 50",
  "Sulfuras, Hand of Ragnaros -> 80",
  "Backstage passes to a TAFKAL80ETC concert -> 0",
  "",
  "--- Next day ---",
  "Common Item -> 0",
  "Aged Brie -> 50",
  "Sulfuras, Hand of Ragnaros -> 80",
  "Backstage passes to a TAFKAL80ETC concert -> 0",
  "",
  "--- Next day ---",
  "Common Item -> 0",
  "Aged Brie -> 50",
  "Sulfuras, Hand of Ragnaros -> 80",
  "Backstage passes to a TAFKAL80ETC concert -> 0",
  "",
  "--- Next day ---",
  "Common Item -> 0",
  "Aged Brie -> 50",
  "Sulfuras, Hand of Ragnaros -> 80",
  "Backstage passes to a TAFKAL80ETC concert -> 0",
  "",
  "--- Next day ---",
  "Common Item -> 0",
  "Aged Brie -> 50",
  "Sulfuras, Hand of Ragnaros -> 80",
  "Backstage passes to a TAFKAL80ETC concert -> 0",
  "",
  "--- Next day ---",
  "Common Item -> 0",
  "Aged Brie -> 50",
  "Sulfuras, Hand of Ragnaros -> 80",
  "Backstage passes to a TAFKAL80ETC concert -> 0",
  "",
  "--- Next day ---",
  "Common Item -> 0",
  "Aged Brie -> 50",
  "Sulfuras, Hand of Ragnaros -> 80",
  "Backstage passes to a TAFKAL80ETC concert -> 0",
  "",
  "--- Next day ---",
  "Common Item -> 0",
  "Aged Brie -> 50",
  "Sulfuras, Hand of Ragnaros -> 80",
  "Backstage passes to a TAFKAL80ETC concert -> 0",
  "",
]
`;

exports[`All combined All combined (sell in > quality) 1`] = `
[
  "--- Next day ---",
  "Common Item -> 9",
  "Aged Brie -> 11",
  "Sulfuras, Hand of Ragnaros -> 80",
  "Backstage passes to a TAFKAL80ETC concert -> 11",
  "",
  "--- Next day ---",
  "Common Item -> 8",
  "Aged Brie -> 12",
  "Sulfuras, Hand of Ragnaros -> 80",
  "Backstage passes to a TAFKAL80ETC concert -> 12",
  "",
  "--- Next day ---",
  "Common Item -> 7",
  "Aged Brie -> 13",
  "Sulfuras, Hand of Ragnaros -> 80",
  "Backstage passes to a TAFKAL80ETC concert -> 13",
  "",
  "--- Next day ---",
  "Common Item -> 6",
  "Aged Brie -> 14",
  "Sulfuras, Hand of Ragnaros -> 80",
  "Backstage passes to a TAFKAL80ETC concert -> 14",
  "",
  "--- Next day ---",
  "Common Item -> 5",
  "Aged Brie -> 15",
  "Sulfuras, Hand of Ragnaros -> 80",
  "Backstage passes to a TAFKAL80ETC concert -> 15",
  "",
  "--- Next day ---",
  "Common Item -> 4",
  "Aged Brie -> 16",
  "Sulfuras, Hand of Ragnaros -> 80",
  "Backstage passes to a TAFKAL80ETC concert -> 16",
  "",
  "--- Next day ---",
  "Common Item -> 3",
  "Aged Brie -> 17",
  "Sulfuras, Hand of Ragnaros -> 80",
  "Backstage passes to a TAFKAL80ETC concert -> 17",
  "",
  "--- Next day ---",
  "Common Item -> 2",
  "Aged Brie -> 18",
  "Sulfuras, Hand of Ragnaros -> 80",
  "Backstage passes to a TAFKAL80ETC concert -> 18",
  "",
  "--- Next day ---",
  "Common Item -> 1",
  "Aged Brie -> 19",
  "Sulfuras, Hand of Ragnaros -> 80",
  "Backstage passes to a TAFKAL80ETC concert -> 19",
  "",
  "--- Next day ---",
  "Common Item -> 0",
  "Aged Brie -> 20",
  "Sulfuras, Hand of Ragnaros -> 80",
  "Backstage passes to a TAFKAL80ETC concert -> 20",
  "",
  "--- Next day ---",
  "Common Item -> 0",
  "Aged Brie -> 21",
  "Sulfuras, Hand of Ragnaros -> 80",
  "Backstage passes to a TAFKAL80ETC concert -> 21",
  "",
  "--- Next day ---",
  "Common Item -> 0",
  "Aged Brie -> 22",
  "Sulfuras, Hand of Ragnaros -> 80",
  "Backstage passes to a TAFKAL80ETC concert -> 22",
  "",
  "--- Next day ---",
  "Common Item -> 0",
  "Aged Brie -> 23",
  "Sulfuras, Hand of Ragnaros -> 80",
  "Backstage passes to a TAFKAL80ETC concert -> 23",
  "",
  "--- Next day ---",
  "Common Item -> 0",
  "Aged Brie -> 24",
  "Sulfuras, Hand of Ragnaros -> 80",
  "Backstage passes to a TAFKAL80ETC concert -> 24",
  "",
  "--- Next day ---",
  "Common Item -> 0",
  "Aged Brie -> 25",
  "Sulfuras, Hand of Ragnaros -> 80",
  "Backstage passes to a TAFKAL80ETC concert -> 25",
  "",
  "--- Next day ---",
  "Common Item -> 0",
  "Aged Brie -> 26",
  "Sulfuras, Hand of Ragnaros -> 80",
  "Backstage passes to a TAFKAL80ETC concert -> 26",
  "",
  "--- Next day ---",
  "Common Item -> 0",
  "Aged Brie -> 27",
  "Sulfuras, Hand of Ragnaros -> 80",
  "Backstage passes to a TAFKAL80ETC concert -> 27",
  "",
  "--- Next day ---",
  "Common Item -> 0",
  "Aged Brie -> 28",
  "Sulfuras, Hand of Ragnaros -> 80",
  "Backstage passes to a TAFKAL80ETC concert -> 28",
  "",
  "--- Next day ---",
  "Common Item -> 0",
  "Aged Brie -> 29",
  "Sulfuras, Hand of Ragnaros -> 80",
  "Backstage passes to a TAFKAL80ETC concert -> 29",
  "",
  "--- Next day ---",
  "Common Item -> 0",
  "Aged Brie -> 30",
  "Sulfuras, Hand of Ragnaros -> 80",
  "Backstage passes to a TAFKAL80ETC concert -> 30",
  "",
  "--- Next day ---",
  "Common Item -> 0",
  "Aged Brie -> 31",
  "Sulfuras, Hand of Ragnaros -> 80",
  "Backstage passes to a TAFKAL80ETC concert -> 32",
  "",
  "--- Next day ---",
  "Common Item -> 0",
  "Aged Brie -> 32",
  "Sulfuras, Hand of Ragnaros -> 80",
  "Backstage passes to a TAFKAL80ETC concert -> 34",
  "",
  "--- Next day ---",
  "Common Item -> 0",
  "Aged Brie -> 33",
  "Sulfuras, Hand of Ragnaros -> 80",
  "Backstage passes to a TAFKAL80ETC concert -> 36",
  "",
  "--- Next day ---",
  "Common Item -> 0",
  "Aged Brie -> 34",
  "Sulfuras, Hand of Ragnaros -> 80",
  "Backstage passes to a TAFKAL80ETC concert -> 38",
  "",
  "--- Next day ---",
  "Common Item -> 0",
  "Aged Brie -> 35",
  "Sulfuras, Hand of Ragnaros -> 80",
  "Backstage passes to a TAFKAL80ETC concert -> 40",
  "",
  "--- Next day ---",
  "Common Item -> 0",
  "Aged Brie -> 36",
  "Sulfuras, Hand of Ragnaros -> 80",
  "Backstage passes to a TAFKAL80ETC concert -> 43",
  "",
  "--- Next day ---",
  "Common Item -> 0",
  "Aged Brie -> 37",
  "Sulfuras, Hand of Ragnaros -> 80",
  "Backstage passes to a TAFKAL80ETC concert -> 46",
  "",
  "--- Next day ---",
  "Common Item -> 0",
  "Aged Brie -> 38",
  "Sulfuras, Hand of Ragnaros -> 80",
  "Backstage passes to a TAFKAL80ETC concert -> 49",
  "",
  "--- Next day ---",
  "Common Item -> 0",
  "Aged Brie -> 39",
  "Sulfuras, Hand of Ragnaros -> 80",
  "Backstage passes to a TAFKAL80ETC concert -> 50",
  "",
  "--- Next day ---",
  "Common Item -> 0",
  "Aged Brie -> 40",
  "Sulfuras, Hand of Ragnaros -> 80",
  "Backstage passes to a TAFKAL80ETC concert -> 50",
  "",
  "--- Next day ---",
  "Common Item -> 0",
  "Aged Brie -> 42",
  "Sulfuras, Hand of Ragnaros -> 80",
  "Backstage passes to a TAFKAL80ETC concert -> 0",
  "",
  "--- Next day ---",
  "Common Item -> 0",
  "Aged Brie -> 44",
  "Sulfuras, Hand of Ragnaros -> 80",
  "Backstage passes to a TAFKAL80ETC concert -> 0",
  "",
  "--- Next day ---",
  "Common Item -> 0",
  "Aged Brie -> 46",
  "Sulfuras, Hand of Ragnaros -> 80",
  "Backstage passes to a TAFKAL80ETC concert -> 0",
  "",
  "--- Next day ---",
  "Common Item -> 0",
  "Aged Brie -> 48",
  "Sulfuras, Hand of Ragnaros -> 80",
  "Backstage passes to a TAFKAL80ETC concert -> 0",
  "",
  "--- Next day ---",
  "Common Item -> 0",
  "Aged Brie -> 50",
  "Sulfuras, Hand of Ragnaros -> 80",
  "Backstage passes to a TAFKAL80ETC concert -> 0",
  "",
  "--- Next day ---",
  "Common Item -> 0",
  "Aged Brie -> 50",
  "Sulfuras, Hand of Ragnaros -> 80",
  "Backstage passes to a TAFKAL80ETC concert -> 0",
  "",
  "--- Next day ---",
  "Common Item -> 0",
  "Aged Brie -> 50",
  "Sulfuras, Hand of Ragnaros -> 80",
  "Backstage passes to a TAFKAL80ETC concert -> 0",
  "",
  "--- Next day ---",
  "Common Item -> 0",
  "Aged Brie -> 50",
  "Sulfuras, Hand of Ragnaros -> 80",
  "Backstage passes to a TAFKAL80ETC concert -> 0",
  "",
  "--- Next day ---",
  "Common Item -> 0",
  "Aged Brie -> 50",
  "Sulfuras, Hand of Ragnaros -> 80",
  "Backstage passes to a TAFKAL80ETC concert -> 0",
  "",
  "--- Next day ---",
  "Common Item -> 0",
  "Aged Brie -> 50",
  "Sulfuras, Hand of Ragnaros -> 80",
  "Backstage passes to a TAFKAL80ETC concert -> 0",
  "",
  "--- Next day ---",
  "Common Item -> 0",
  "Aged Brie -> 50",
  "Sulfuras, Hand of Ragnaros -> 80",
  "Backstage passes to a TAFKAL80ETC concert -> 0",
  "",
  "--- Next day ---",
  "Common Item -> 0",
  "Aged Brie -> 50",
  "Sulfuras, Hand of Ragnaros -> 80",
  "Backstage passes to a TAFKAL80ETC concert -> 0",
  "",
  "--- Next day ---",
  "Common Item -> 0",
  "Aged Brie -> 50",
  "Sulfuras, Hand of Ragnaros -> 80",
  "Backstage passes to a TAFKAL80ETC concert -> 0",
  "",
  "--- Next day ---",
  "Common Item -> 0",
  "Aged Brie -> 50",
  "Sulfuras, Hand of Ragnaros -> 80",
  "Backstage passes to a TAFKAL80ETC concert -> 0",
  "",
  "--- Next day ---",
  "Common Item -> 0",
  "Aged Brie -> 50",
  "Sulfuras, Hand of Ragnaros -> 80",
  "Backstage passes to a TAFKAL80ETC concert -> 0",
  "",
  "--- Next day ---",
  "Common Item -> 0",
  "Aged Brie -> 50",
  "Sulfuras, Hand of Ragnaros -> 80",
  "Backstage passes to a TAFKAL80ETC concert -> 0",
  "",
  "--- Next day ---",
  "Common Item -> 0",
  "Aged Brie -> 50",
  "Sulfuras, Hand of Ragnaros -> 80",
  "Backstage passes to a TAFKAL80ETC concert -> 0",
  "",
  "--- Next day ---",
  "Common Item -> 0",
  "Aged Brie -> 50",
  "Sulfuras, Hand of Ragnaros -> 80",
  "Backstage passes to a TAFKAL80ETC concert -> 0",
  "",
  "--- Next day ---",
  "Common Item -> 0",
  "Aged Brie -> 50",
  "Sulfuras, Hand of Ragnaros -> 80",
  "Backstage passes to a TAFKAL80ETC concert -> 0",
  "",
  "--- Next day ---",
  "Common Item -> 0",
  "Aged Brie -> 50",
  "Sulfuras, Hand of Ragnaros -> 80",
  "Backstage passes to a TAFKAL80ETC concert -> 0",
  "",
  "--- Next day ---",
  "Common Item -> 0",
  "Aged Brie -> 50",
  "Sulfuras, Hand of Ragnaros -> 80",
  "Backstage passes to a TAFKAL80ETC concert -> 0",
  "",
  "--- Next day ---",
  "Common Item -> 0",
  "Aged Brie -> 50",
  "Sulfuras, Hand of Ragnaros -> 80",
  "Backstage passes to a TAFKAL80ETC concert -> 0",
  "",
  "--- Next day ---",
  "Common Item -> 0",
  "Aged Brie -> 50",
  "Sulfuras, Hand of Ragnaros -> 80",
  "Backstage passes to a TAFKAL80ETC concert -> 0",
  "",
  "--- Next day ---",
  "Common Item -> 0",
  "Aged Brie -> 50",
  "Sulfuras, Hand of Ragnaros -> 80",
  "Backstage passes to a TAFKAL80ETC concert -> 0",
  "",
  "--- Next day ---",
  "Common Item -> 0",
  "Aged Brie -> 50",
  "Sulfuras, Hand of Ragnaros -> 80",
  "Backstage passes to a TAFKAL80ETC concert -> 0",
  "",
  "--- Next day ---",
  "Common Item -> 0",
  "Aged Brie -> 50",
  "Sulfuras, Hand of Ragnaros -> 80",
  "Backstage passes to a TAFKAL80ETC concert -> 0",
  "",
  "--- Next day ---",
  "Common Item -> 0",
  "Aged Brie -> 50",
  "Sulfuras, Hand of Ragnaros -> 80",
  "Backstage passes to a TAFKAL80ETC concert -> 0",
  "",
  "--- Next day ---",
  "Common Item -> 0",
  "Aged Brie -> 50",
  "Sulfuras, Hand of Ragnaros -> 80",
  "Backstage passes to a TAFKAL80ETC concert -> 0",
  "",
  "--- Next day ---",
  "Common Item -> 0",
  "Aged Brie -> 50",
  "Sulfuras, Hand of Ragnaros -> 80",
  "Backstage passes to a TAFKAL80ETC concert -> 0",
  "",
  "--- Next day ---",
  "Common Item -> 0",
  "Aged Brie -> 50",
  "Sulfuras, Hand of Ragnaros -> 80",
  "Backstage passes to a TAFKAL80ETC concert -> 0",
  "",
  "--- Next day ---",
  "Common Item -> 0",
  "Aged Brie -> 50",
  "Sulfuras, Hand of Ragnaros -> 80",
  "Backstage passes to a TAFKAL80ETC concert -> 0",
  "",
  "--- Next day ---",
  "Common Item -> 0",
  "Aged Brie -> 50",
  "Sulfuras, Hand of Ragnaros -> 80",
  "Backstage passes to a TAFKAL80ETC concert -> 0",
  "",
  "--- Next day ---",
  "Common Item -> 0",
  "Aged Brie -> 50",
  "Sulfuras, Hand of Ragnaros -> 80",
  "Backstage passes to a TAFKAL80ETC concert -> 0",
  "",
  "--- Next day ---",
  "Common Item -> 0",
  "Aged Brie -> 50",
  "Sulfuras, Hand of Ragnaros -> 80",
  "Backstage passes to a TAFKAL80ETC concert -> 0",
  "",
  "--- Next day ---",
  "Common Item -> 0",
  "Aged Brie -> 50",
  "Sulfuras, Hand of Ragnaros -> 80",
  "Backstage passes to a TAFKAL80ETC concert -> 0",
  "",
  "--- Next day ---",
  "Common Item -> 0",
  "Aged Brie -> 50",
  "Sulfuras, Hand of Ragnaros -> 80",
  "Backstage passes to a TAFKAL80ETC concert -> 0",
  "",
  "--- Next day ---",
  "Common Item -> 0",
  "Aged Brie -> 50",
  "Sulfuras, Hand of Ragnaros -> 80",
  "Backstage passes to a TAFKAL80ETC concert -> 0",
  "",
  "--- Next day ---",
  "Common Item -> 0",
  "Aged Brie -> 50",
  "Sulfuras, Hand of Ragnaros -> 80",
  "Backstage passes to a TAFKAL80ETC concert -> 0",
  "",
  "--- Next day ---",
  "Common Item -> 0",
  "Aged Brie -> 50",
  "Sulfuras, Hand of Ragnaros -> 80",
  "Backstage passes to a TAFKAL80ETC concert -> 0",
  "",
  "--- Next day ---",
  "Common Item -> 0",
  "Aged Brie -> 50",
  "Sulfuras, Hand of Ragnaros -> 80",
  "Backstage passes to a TAFKAL80ETC concert -> 0",
  "",
  "--- Next day ---",
  "Common Item -> 0",
  "Aged Brie -> 50",
  "Sulfuras, Hand of Ragnaros -> 80",
  "Backstage passes to a TAFKAL80ETC concert -> 0",
  "",
  "--- Next day ---",
  "Common Item -> 0",
  "Aged Brie -> 50",
  "Sulfuras, Hand of Ragnaros -> 80",
  "Backstage passes to a TAFKAL80ETC concert -> 0",
  "",
  "--- Next day ---",
  "Common Item -> 0",
  "Aged Brie -> 50",
  "Sulfuras, Hand of Ragnaros -> 80",
  "Backstage passes to a TAFKAL80ETC concert -> 0",
  "",
  "--- Next day ---",
  "Common Item -> 0",
  "Aged Brie -> 50",
  "Sulfuras, Hand of Ragnaros -> 80",
  "Backstage passes to a TAFKAL80ETC concert -> 0",
  "",
  "--- Next day ---",
  "Common Item -> 0",
  "Aged Brie -> 50",
  "Sulfuras, Hand of Ragnaros -> 80",
  "Backstage passes to a TAFKAL80ETC concert -> 0",
  "",
  "--- Next day ---",
  "Common Item -> 0",
  "Aged Brie -> 50",
  "Sulfuras, Hand of Ragnaros -> 80",
  "Backstage passes to a TAFKAL80ETC concert -> 0",
  "",
  "--- Next day ---",
  "Common Item -> 0",
  "Aged Brie -> 50",
  "Sulfuras, Hand of Ragnaros -> 80",
  "Backstage passes to a TAFKAL80ETC concert -> 0",
  "",
  "--- Next day ---",
  "Common Item -> 0",
  "Aged Brie -> 50",
  "Sulfuras, Hand of Ragnaros -> 80",
  "Backstage passes to a TAFKAL80ETC concert -> 0",
  "",
  "--- Next day ---",
  "Common Item -> 0",
  "Aged Brie -> 50",
  "Sulfuras, Hand of Ragnaros -> 80",
  "Backstage passes to a TAFKAL80ETC concert -> 0",
  "",
  "--- Next day ---",
  "Common Item -> 0",
  "Aged Brie -> 50",
  "Sulfuras, Hand of Ragnaros -> 80",
  "Backstage passes to a TAFKAL80ETC concert -> 0",
  "",
  "--- Next day ---",
  "Common Item -> 0",
  "Aged Brie -> 50",
  "Sulfuras, Hand of Ragnaros -> 80",
  "Backstage passes to a TAFKAL80ETC concert -> 0",
  "",
  "--- Next day ---",
  "Common Item -> 0",
  "Aged Brie -> 50",
  "Sulfuras, Hand of Ragnaros -> 80",
  "Backstage passes to a TAFKAL80ETC concert -> 0",
  "",
  "--- Next day ---",
  "Common Item -> 0",
  "Aged Brie -> 50",
  "Sulfuras, Hand of Ragnaros -> 80",
  "Backstage passes to a TAFKAL80ETC concert -> 0",
  "",
  "--- Next day ---",
  "Common Item -> 0",
  "Aged Brie -> 50",
  "Sulfuras, Hand of Ragnaros -> 80",
  "Backstage passes to a TAFKAL80ETC concert -> 0",
  "",
  "--- Next day ---",
  "Common Item -> 0",
  "Aged Brie -> 50",
  "Sulfuras, Hand of Ragnaros -> 80",
  "Backstage passes to a TAFKAL80ETC concert -> 0",
  "",
  "--- Next day ---",
  "Common Item -> 0",
  "Aged Brie -> 50",
  "Sulfuras, Hand of Ragnaros -> 80",
  "Backstage passes to a TAFKAL80ETC concert -> 0",
  "",
  "--- Next day ---",
  "Common Item -> 0",
  "Aged Brie -> 50",
  "Sulfuras, Hand of Ragnaros -> 80",
  "Backstage passes to a TAFKAL80ETC concert -> 0",
  "",
  "--- Next day ---",
  "Common Item -> 0",
  "Aged Brie -> 50",
  "Sulfuras, Hand of Ragnaros -> 80",
  "Backstage passes to a TAFKAL80ETC concert -> 0",
  "",
  "--- Next day ---",
  "Common Item -> 0",
  "Aged Brie -> 50",
  "Sulfuras, Hand of Ragnaros -> 80",
  "Backstage passes to a TAFKAL80ETC concert -> 0",
  "",
  "--- Next day ---",
  "Common Item -> 0",
  "Aged Brie -> 50",
  "Sulfuras, Hand of Ragnaros -> 80",
  "Backstage passes to a TAFKAL80ETC concert -> 0",
  "",
  "--- Next day ---",
  "Common Item -> 0",
  "Aged Brie -> 50",
  "Sulfuras, Hand of Ragnaros -> 80",
  "Backstage passes to a TAFKAL80ETC concert -> 0",
  "",
  "--- Next day ---",
  "Common Item -> 0",
  "Aged Brie -> 50",
  "Sulfuras, Hand of Ragnaros -> 80",
  "Backstage passes to a TAFKAL80ETC concert -> 0",
  "",
  "--- Next day ---",
  "Common Item -> 0",
  "Aged Brie -> 50",
  "Sulfuras, Hand of Ragnaros -> 80",
  "Backstage passes to a TAFKAL80ETC concert -> 0",
  "",
  "--- Next day ---",
  "Common Item -> 0",
  "Aged Brie -> 50",
  "Sulfuras, Hand of Ragnaros -> 80",
  "Backstage passes to a TAFKAL80ETC concert -> 0",
  "",
  "--- Next day ---",
  "Common Item -> 0",
  "Aged Brie -> 50",
  "Sulfuras, Hand of Ragnaros -> 80",
  "Backstage passes to a TAFKAL80ETC concert -> 0",
  "",
  "--- Next day ---",
  "Common Item -> 0",
  "Aged Brie -> 50",
  "Sulfuras, Hand of Ragnaros -> 80",
  "Backstage passes to a TAFKAL80ETC concert -> 0",
  "",
  "--- Next day ---",
  "Common Item -> 0",
  "Aged Brie -> 50",
  "Sulfuras, Hand of Ragnaros -> 80",
  "Backstage passes to a TAFKAL80ETC concert -> 0",
  "",
  "--- Next day ---",
  "Common Item -> 0",
  "Aged Brie -> 50",
  "Sulfuras, Hand of Ragnaros -> 80",
  "Backstage passes to a TAFKAL80ETC concert -> 0",
  "",
  "--- Next day ---",
  "Common Item -> 0",
  "Aged Brie -> 50",
  "Sulfuras, Hand of Ragnaros -> 80",
  "Backstage passes to a TAFKAL80ETC concert -> 0",
  "",
  "--- Next day ---",
  "Common Item -> 0",
  "Aged Brie -> 50",
  "Sulfuras, Hand of Ragnaros -> 80",
  "Backstage passes to a TAFKAL80ETC concert -> 0",
  "",
  "--- Next day ---",
  "Common Item -> 0",
  "Aged Brie -> 50",
  "Sulfuras, Hand of Ragnaros -> 80",
  "Backstage passes to a TAFKAL80ETC concert -> 0",
  "",
  "--- Next day ---",
  "Common Item -> 0",
  "Aged Brie -> 50",
  "Sulfuras, Hand of Ragnaros -> 80",
  "Backstage passes to a TAFKAL80ETC concert -> 0",
  "",
  "--- Next day ---",
  "Common Item -> 0",
  "Aged Brie -> 50",
  "Sulfuras, Hand of Ragnaros -> 80",
  "Backstage passes to a TAFKAL80ETC concert -> 0",
  "",
  "--- Next day ---",
  "Common Item -> 0",
  "Aged Brie -> 50",
  "Sulfuras, Hand of Ragnaros -> 80",
  "Backstage passes to a TAFKAL80ETC concert -> 0",
  "",
  "--- Next day ---",
  "Common Item -> 0",
  "Aged Brie -> 50",
  "Sulfuras, Hand of Ragnaros -> 80",
  "Backstage passes to a TAFKAL80ETC concert -> 0",
  "",
  "--- Next day ---",
  "Common Item -> 0",
  "Aged Brie -> 50",
  "Sulfuras, Hand of Ragnaros -> 80",
  "Backstage passes to a TAFKAL80ETC concert -> 0",
  "",
  "--- Next day ---",
  "Common Item -> 0",
  "Aged Brie -> 50",
  "Sulfuras, Hand of Ragnaros -> 80",
  "Backstage passes to a TAFKAL80ETC concert -> 0",
  "",
  "--- Next day ---",
  "Common Item -> 0",
  "Aged Brie -> 50",
  "Sulfuras, Hand of Ragnaros -> 80",
  "Backstage passes to a TAFKAL80ETC concert -> 0",
  "",
  "--- Next day ---",
  "Common Item -> 0",
  "Aged Brie -> 50",
  "Sulfuras, Hand of Ragnaros -> 80",
  "Backstage passes to a TAFKAL80ETC concert -> 0",
  "",
  "--- Next day ---",
  "Common Item -> 0",
  "Aged Brie -> 50",
  "Sulfuras, Hand of Ragnaros -> 80",
  "Backstage passes to a TAFKAL80ETC concert -> 0",
  "",
]
`;

exports[`Backstage passes Aging of Backstage passes (sell in < quality) 1`] = `
[
  "--- Next day ---",
  "Backstage passes to a TAFKAL80ETC concert -> 32",
  "",
  "--- Next day ---",
  "Backstage passes to a TAFKAL80ETC concert -> 34",
  "",
  "--- Next day ---",
  "Backstage passes to a TAFKAL80ETC concert -> 36",
  "",
  "--- Next day ---",
  "Backstage passes to a TAFKAL80ETC concert -> 38",
  "",
  "--- Next day ---",
  "Backstage passes to a TAFKAL80ETC concert -> 40",
  "",
  "--- Next day ---",
  "Backstage passes to a TAFKAL80ETC concert -> 43",
  "",
  "--- Next day ---",
  "Backstage passes to a TAFKAL80ETC concert -> 46",
  "",
  "--- Next day ---",
  "Backstage passes to a TAFKAL80ETC concert -> 49",
  "",
  "--- Next day ---",
  "Backstage passes to a TAFKAL80ETC concert -> 50",
  "",
  "--- Next day ---",
  "Backstage passes to a TAFKAL80ETC concert -> 50",
  "",
  "--- Next day ---",
  "Backstage passes to a TAFKAL80ETC concert -> 0",
  "",
  "--- Next day ---",
  "Backstage passes to a TAFKAL80ETC concert -> 0",
  "",
  "--- Next day ---",
  "Backstage passes to a TAFKAL80ETC concert -> 0",
  "",
  "--- Next day ---",
  "Backstage passes to a TAFKAL80ETC concert -> 0",
  "",
  "--- Next day ---",
  "Backstage passes to a TAFKAL80ETC concert -> 0",
  "",
  "--- Next day ---",
  "Backstage passes to a TAFKAL80ETC concert -> 0",
  "",
  "--- Next day ---",
  "Backstage passes to a TAFKAL80ETC concert -> 0",
  "",
  "--- Next day ---",
  "Backstage passes to a TAFKAL80ETC concert -> 0",
  "",
  "--- Next day ---",
  "Backstage passes to a TAFKAL80ETC concert -> 0",
  "",
  "--- Next day ---",
  "Backstage passes to a TAFKAL80ETC concert -> 0",
  "",
  "--- Next day ---",
  "Backstage passes to a TAFKAL80ETC concert -> 0",
  "",
  "--- Next day ---",
  "Backstage passes to a TAFKAL80ETC concert -> 0",
  "",
  "--- Next day ---",
  "Backstage passes to a TAFKAL80ETC concert -> 0",
  "",
  "--- Next day ---",
  "Backstage passes to a TAFKAL80ETC concert -> 0",
  "",
  "--- Next day ---",
  "Backstage passes to a TAFKAL80ETC concert -> 0",
  "",
  "--- Next day ---",
  "Backstage passes to a TAFKAL80ETC concert -> 0",
  "",
  "--- Next day ---",
  "Backstage passes to a TAFKAL80ETC concert -> 0",
  "",
  "--- Next day ---",
  "Backstage passes to a TAFKAL80ETC concert -> 0",
  "",
  "--- Next day ---",
  "Backstage passes to a TAFKAL80ETC concert -> 0",
  "",
  "--- Next day ---",
  "Backstage passes to a TAFKAL80ETC concert -> 0",
  "",
  "--- Next day ---",
  "Backstage passes to a TAFKAL80ETC concert -> 0",
  "",
  "--- Next day ---",
  "Backstage passes to a TAFKAL80ETC concert -> 0",
  "",
  "--- Next day ---",
  "Backstage passes to a TAFKAL80ETC concert -> 0",
  "",
  "--- Next day ---",
  "Backstage passes to a TAFKAL80ETC concert -> 0",
  "",
  "--- Next day ---",
  "Backstage passes to a TAFKAL80ETC concert -> 0",
  "",
  "--- Next day ---",
  "Backstage passes to a TAFKAL80ETC concert -> 0",
  "",
  "--- Next day ---",
  "Backstage passes to a TAFKAL80ETC concert -> 0",
  "",
  "--- Next day ---",
  "Backstage passes to a TAFKAL80ETC concert -> 0",
  "",
  "--- Next day ---",
  "Backstage passes to a TAFKAL80ETC concert -> 0",
  "",
  "--- Next day ---",
  "Backstage passes to a TAFKAL80ETC concert -> 0",
  "",
  "--- Next day ---",
  "Backstage passes to a TAFKAL80ETC concert -> 0",
  "",
  "--- Next day ---",
  "Backstage passes to a TAFKAL80ETC concert -> 0",
  "",
  "--- Next day ---",
  "Backstage passes to a TAFKAL80ETC concert -> 0",
  "",
  "--- Next day ---",
  "Backstage passes to a TAFKAL80ETC concert -> 0",
  "",
  "--- Next day ---",
  "Backstage passes to a TAFKAL80ETC concert -> 0",
  "",
  "--- Next day ---",
  "Backstage passes to a TAFKAL80ETC concert -> 0",
  "",
  "--- Next day ---",
  "Backstage passes to a TAFKAL80ETC concert -> 0",
  "",
  "--- Next day ---",
  "Backstage passes to a TAFKAL80ETC concert -> 0",
  "",
  "--- Next day ---",
  "Backstage passes to a TAFKAL80ETC concert -> 0",
  "",
  "--- Next day ---",
  "Backstage passes to a TAFKAL80ETC concert -> 0",
  "",
]
`;

exports[`Backstage passes Aging of Backstage passes (sell in > quality) 1`] = `
[
  "--- Next day ---",
  "Backstage passes to a TAFKAL80ETC concert -> 11",
  "",
  "--- Next day ---",
  "Backstage passes to a TAFKAL80ETC concert -> 12",
  "",
  "--- Next day ---",
  "Backstage passes to a TAFKAL80ETC concert -> 13",
  "",
  "--- Next day ---",
  "Backstage passes to a TAFKAL80ETC concert -> 14",
  "",
  "--- Next day ---",
  "Backstage passes to a TAFKAL80ETC concert -> 15",
  "",
  "--- Next day ---",
  "Backstage passes to a TAFKAL80ETC concert -> 16",
  "",
  "--- Next day ---",
  "Backstage passes to a TAFKAL80ETC concert -> 17",
  "",
  "--- Next day ---",
  "Backstage passes to a TAFKAL80ETC concert -> 18",
  "",
  "--- Next day ---",
  "Backstage passes to a TAFKAL80ETC concert -> 19",
  "",
  "--- Next day ---",
  "Backstage passes to a TAFKAL80ETC concert -> 20",
  "",
  "--- Next day ---",
  "Backstage passes to a TAFKAL80ETC concert -> 21",
  "",
  "--- Next day ---",
  "Backstage passes to a TAFKAL80ETC concert -> 22",
  "",
  "--- Next day ---",
  "Backstage passes to a TAFKAL80ETC concert -> 23",
  "",
  "--- Next day ---",
  "Backstage passes to a TAFKAL80ETC concert -> 24",
  "",
  "--- Next day ---",
  "Backstage passes to a TAFKAL80ETC concert -> 25",
  "",
  "--- Next day ---",
  "Backstage passes to a TAFKAL80ETC concert -> 26",
  "",
  "--- Next day ---",
  "Backstage passes to a TAFKAL80ETC concert -> 27",
  "",
  "--- Next day ---",
  "Backstage passes to a TAFKAL80ETC concert -> 28",
  "",
  "--- Next day ---",
  "Backstage passes to a TAFKAL80ETC concert -> 29",
  "",
  "--- Next day ---",
  "Backstage passes to a TAFKAL80ETC concert -> 30",
  "",
  "--- Next day ---",
  "Backstage passes to a TAFKAL80ETC concert -> 32",
  "",
  "--- Next day ---",
  "Backstage passes to a TAFKAL80ETC concert -> 34",
  "",
  "--- Next day ---",
  "Backstage passes to a TAFKAL80ETC concert -> 36",
  "",
  "--- Next day ---",
  "Backstage passes to a TAFKAL80ETC concert -> 38",
  "",
  "--- Next day ---",
  "Backstage passes to a TAFKAL80ETC concert -> 40",
  "",
  "--- Next day ---",
  "Backstage passes to a TAFKAL80ETC concert -> 43",
  "",
  "--- Next day ---",
  "Backstage passes to a TAFKAL80ETC concert -> 46",
  "",
  "--- Next day ---",
  "Backstage passes to a TAFKAL80ETC concert -> 49",
  "",
  "--- Next day ---",
  "Backstage passes to a TAFKAL80ETC concert -> 50",
  "",
  "--- Next day ---",
  "Backstage passes to a TAFKAL80ETC concert -> 50",
  "",
  "--- Next day ---",
  "Backstage passes to a TAFKAL80ETC concert -> 0",
  "",
  "--- Next day ---",
  "Backstage passes to a TAFKAL80ETC concert -> 0",
  "",
  "--- Next day ---",
  "Backstage passes to a TAFKAL80ETC concert -> 0",
  "",
  "--- Next day ---",
  "Backstage passes to a TAFKAL80ETC concert -> 0",
  "",
  "--- Next day ---",
  "Backstage passes to a TAFKAL80ETC concert -> 0",
  "",
  "--- Next day ---",
  "Backstage passes to a TAFKAL80ETC concert -> 0",
  "",
  "--- Next day ---",
  "Backstage passes to a TAFKAL80ETC concert -> 0",
  "",
  "--- Next day ---",
  "Backstage passes to a TAFKAL80ETC concert -> 0",
  "",
  "--- Next day ---",
  "Backstage passes to a TAFKAL80ETC concert -> 0",
  "",
  "--- Next day ---",
  "Backstage passes to a TAFKAL80ETC concert -> 0",
  "",
  "--- Next day ---",
  "Backstage passes to a TAFKAL80ETC concert -> 0",
  "",
  "--- Next day ---",
  "Backstage passes to a TAFKAL80ETC concert -> 0",
  "",
  "--- Next day ---",
  "Backstage passes to a TAFKAL80ETC concert -> 0",
  "",
  "--- Next day ---",
  "Backstage passes to a TAFKAL80ETC concert -> 0",
  "",
  "--- Next day ---",
  "Backstage passes to a TAFKAL80ETC concert -> 0",
  "",
  "--- Next day ---",
  "Backstage passes to a TAFKAL80ETC concert -> 0",
  "",
  "--- Next day ---",
  "Backstage passes to a TAFKAL80ETC concert -> 0",
  "",
  "--- Next day ---",
  "Backstage passes to a TAFKAL80ETC concert -> 0",
  "",
  "--- Next day ---",
  "Backstage passes to a TAFKAL80ETC concert -> 0",
  "",
  "--- Next day ---",
  "Backstage passes to a TAFKAL80ETC concert -> 0",
  "",
]
`;

exports[`Common item Aging of Common item (sell in < quality) 1`] = `
[
  "--- Next day ---",
  "Common Item -> 29",
  "",
  "--- Next day ---",
  "Common Item -> 28",
  "",
  "--- Next day ---",
  "Common Item -> 27",
  "",
  "--- Next day ---",
  "Common Item -> 26",
  "",
  "--- Next day ---",
  "Common Item -> 25",
  "",
  "--- Next day ---",
  "Common Item -> 24",
  "",
  "--- Next day ---",
  "Common Item -> 23",
  "",
  "--- Next day ---",
  "Common Item -> 22",
  "",
  "--- Next day ---",
  "Common Item -> 21",
  "",
  "--- Next day ---",
  "Common Item -> 20",
  "",
  "--- Next day ---",
  "Common Item -> 18",
  "",
  "--- Next day ---",
  "Common Item -> 16",
  "",
  "--- Next day ---",
  "Common Item -> 14",
  "",
  "--- Next day ---",
  "Common Item -> 12",
  "",
  "--- Next day ---",
  "Common Item -> 10",
  "",
  "--- Next day ---",
  "Common Item -> 8",
  "",
  "--- Next day ---",
  "Common Item -> 6",
  "",
  "--- Next day ---",
  "Common Item -> 4",
  "",
  "--- Next day ---",
  "Common Item -> 2",
  "",
  "--- Next day ---",
  "Common Item -> 0",
  "",
  "--- Next day ---",
  "Common Item -> 0",
  "",
  "--- Next day ---",
  "Common Item -> 0",
  "",
  "--- Next day ---",
  "Common Item -> 0",
  "",
  "--- Next day ---",
  "Common Item -> 0",
  "",
  "--- Next day ---",
  "Common Item -> 0",
  "",
  "--- Next day ---",
  "Common Item -> 0",
  "",
  "--- Next day ---",
  "Common Item -> 0",
  "",
  "--- Next day ---",
  "Common Item -> 0",
  "",
  "--- Next day ---",
  "Common Item -> 0",
  "",
  "--- Next day ---",
  "Common Item -> 0",
  "",
  "--- Next day ---",
  "Common Item -> 0",
  "",
  "--- Next day ---",
  "Common Item -> 0",
  "",
  "--- Next day ---",
  "Common Item -> 0",
  "",
  "--- Next day ---",
  "Common Item -> 0",
  "",
  "--- Next day ---",
  "Common Item -> 0",
  "",
  "--- Next day ---",
  "Common Item -> 0",
  "",
  "--- Next day ---",
  "Common Item -> 0",
  "",
  "--- Next day ---",
  "Common Item -> 0",
  "",
  "--- Next day ---",
  "Common Item -> 0",
  "",
  "--- Next day ---",
  "Common Item -> 0",
  "",
  "--- Next day ---",
  "Common Item -> 0",
  "",
  "--- Next day ---",
  "Common Item -> 0",
  "",
  "--- Next day ---",
  "Common Item -> 0",
  "",
  "--- Next day ---",
  "Common Item -> 0",
  "",
  "--- Next day ---",
  "Common Item -> 0",
  "",
  "--- Next day ---",
  "Common Item -> 0",
  "",
  "--- Next day ---",
  "Common Item -> 0",
  "",
  "--- Next day ---",
  "Common Item -> 0",
  "",
  "--- Next day ---",
  "Common Item -> 0",
  "",
  "--- Next day ---",
  "Common Item -> 0",
  "",
]
`;

exports[`Common item Aging of Common item (sell in > quality) 1`] = `
[
  "--- Next day ---",
  "Common Item -> 9",
  "",
  "--- Next day ---",
  "Common Item -> 8",
  "",
  "--- Next day ---",
  "Common Item -> 7",
  "",
  "--- Next day ---",
  "Common Item -> 6",
  "",
  "--- Next day ---",
  "Common Item -> 5",
  "",
  "--- Next day ---",
  "Common Item -> 4",
  "",
  "--- Next day ---",
  "Common Item -> 3",
  "",
  "--- Next day ---",
  "Common Item -> 2",
  "",
  "--- Next day ---",
  "Common Item -> 1",
  "",
  "--- Next day ---",
  "Common Item -> 0",
  "",
  "--- Next day ---",
  "Common Item -> 0",
  "",
  "--- Next day ---",
  "Common Item -> 0",
  "",
  "--- Next day ---",
  "Common Item -> 0",
  "",
  "--- Next day ---",
  "Common Item -> 0",
  "",
  "--- Next day ---",
  "Common Item -> 0",
  "",
  "--- Next day ---",
  "Common Item -> 0",
  "",
  "--- Next day ---",
  "Common Item -> 0",
  "",
  "--- Next day ---",
  "Common Item -> 0",
  "",
  "--- Next day ---",
  "Common Item -> 0",
  "",
  "--- Next day ---",
  "Common Item -> 0",
  "",
  "--- Next day ---",
  "Common Item -> 0",
  "",
  "--- Next day ---",
  "Common Item -> 0",
  "",
  "--- Next day ---",
  "Common Item -> 0",
  "",
  "--- Next day ---",
  "Common Item -> 0",
  "",
  "--- Next day ---",
  "Common Item -> 0",
  "",
  "--- Next day ---",
  "Common Item -> 0",
  "",
  "--- Next day ---",
  "Common Item -> 0",
  "",
  "--- Next day ---",
  "Common Item -> 0",
  "",
  "--- Next day ---",
  "Common Item -> 0",
  "",
  "--- Next day ---",
  "Common Item -> 0",
  "",
  "--- Next day ---",
  "Common Item -> 0",
  "",
  "--- Next day ---",
  "Common Item -> 0",
  "",
  "--- Next day ---",
  "Common Item -> 0",
  "",
  "--- Next day ---",
  "Common Item -> 0",
  "",
  "--- Next day ---",
  "Common Item -> 0",
  "",
  "--- Next day ---",
  "Common Item -> 0",
  "",
  "--- Next day ---",
  "Common Item -> 0",
  "",
  "--- Next day ---",
  "Common Item -> 0",
  "",
  "--- Next day ---",
  "Common Item -> 0",
  "",
  "--- Next day ---",
  "Common Item -> 0",
  "",
  "--- Next day ---",
  "Common Item -> 0",
  "",
  "--- Next day ---",
  "Common Item -> 0",
  "",
  "--- Next day ---",
  "Common Item -> 0",
  "",
  "--- Next day ---",
  "Common Item -> 0",
  "",
  "--- Next day ---",
  "Common Item -> 0",
  "",
  "--- Next day ---",
  "Common Item -> 0",
  "",
  "--- Next day ---",
  "Common Item -> 0",
  "",
  "--- Next day ---",
  "Common Item -> 0",
  "",
  "--- Next day ---",
  "Common Item -> 0",
  "",
  "--- Next day ---",
  "Common Item -> 0",
  "",
]
`;

exports[`No item No item 1`] = `
[
  "--- Next day ---",
  "",
  "--- Next day ---",
  "",
  "--- Next day ---",
  "",
  "--- Next day ---",
  "",
  "--- Next day ---",
  "",
  "--- Next day ---",
  "",
  "--- Next day ---",
  "",
  "--- Next day ---",
  "",
  "--- Next day ---",
  "",
  "--- Next day ---",
  "",
  "--- Next day ---",
  "",
  "--- Next day ---",
  "",
  "--- Next day ---",
  "",
  "--- Next day ---",
  "",
  "--- Next day ---",
  "",
  "--- Next day ---",
  "",
  "--- Next day ---",
  "",
  "--- Next day ---",
  "",
  "--- Next day ---",
  "",
  "--- Next day ---",
  "",
  "--- Next day ---",
  "",
  "--- Next day ---",
  "",
  "--- Next day ---",
  "",
  "--- Next day ---",
  "",
  "--- Next day ---",
  "",
  "--- Next day ---",
  "",
  "--- Next day ---",
  "",
  "--- Next day ---",
  "",
  "--- Next day ---",
  "",
  "--- Next day ---",
  "",
  "--- Next day ---",
  "",
  "--- Next day ---",
  "",
  "--- Next day ---",
  "",
  "--- Next day ---",
  "",
  "--- Next day ---",
  "",
  "--- Next day ---",
  "",
  "--- Next day ---",
  "",
  "--- Next day ---",
  "",
  "--- Next day ---",
  "",
  "--- Next day ---",
  "",
  "--- Next day ---",
  "",
  "--- Next day ---",
  "",
  "--- Next day ---",
  "",
  "--- Next day ---",
  "",
  "--- Next day ---",
  "",
  "--- Next day ---",
  "",
  "--- Next day ---",
  "",
  "--- Next day ---",
  "",
  "--- Next day ---",
  "",
  "--- Next day ---",
  "",
]
`;

exports[`Sulfuras Aging of Sulfuras (sell in < quality) 1`] = `
[
  "--- Next day ---",
  "Sulfuras, Hand of Ragnaros -> 80",
  "",
  "--- Next day ---",
  "Sulfuras, Hand of Ragnaros -> 80",
  "",
  "--- Next day ---",
  "Sulfuras, Hand of Ragnaros -> 80",
  "",
  "--- Next day ---",
  "Sulfuras, Hand of Ragnaros -> 80",
  "",
  "--- Next day ---",
  "Sulfuras, Hand of Ragnaros -> 80",
  "",
  "--- Next day ---",
  "Sulfuras, Hand of Ragnaros -> 80",
  "",
  "--- Next day ---",
  "Sulfuras, Hand of Ragnaros -> 80",
  "",
  "--- Next day ---",
  "Sulfuras, Hand of Ragnaros -> 80",
  "",
  "--- Next day ---",
  "Sulfuras, Hand of Ragnaros -> 80",
  "",
  "--- Next day ---",
  "Sulfuras, Hand of Ragnaros -> 80",
  "",
  "--- Next day ---",
  "Sulfuras, Hand of Ragnaros -> 80",
  "",
  "--- Next day ---",
  "Sulfuras, Hand of Ragnaros -> 80",
  "",
  "--- Next day ---",
  "Sulfuras, Hand of Ragnaros -> 80",
  "",
  "--- Next day ---",
  "Sulfuras, Hand of Ragnaros -> 80",
  "",
  "--- Next day ---",
  "Sulfuras, Hand of Ragnaros -> 80",
  "",
  "--- Next day ---",
  "Sulfuras, Hand of Ragnaros -> 80",
  "",
  "--- Next day ---",
  "Sulfuras, Hand of Ragnaros -> 80",
  "",
  "--- Next day ---",
  "Sulfuras, Hand of Ragnaros -> 80",
  "",
  "--- Next day ---",
  "Sulfuras, Hand of Ragnaros -> 80",
  "",
  "--- Next day ---",
  "Sulfuras, Hand of Ragnaros -> 80",
  "",
  "--- Next day ---",
  "Sulfuras, Hand of Ragnaros -> 80",
  "",
  "--- Next day ---",
  "Sulfuras, Hand of Ragnaros -> 80",
  "",
  "--- Next day ---",
  "Sulfuras, Hand of Ragnaros -> 80",
  "",
  "--- Next day ---",
  "Sulfuras, Hand of Ragnaros -> 80",
  "",
  "--- Next day ---",
  "Sulfuras, Hand of Ragnaros -> 80",
  "",
  "--- Next day ---",
  "Sulfuras, Hand of Ragnaros -> 80",
  "",
  "--- Next day ---",
  "Sulfuras, Hand of Ragnaros -> 80",
  "",
  "--- Next day ---",
  "Sulfuras, Hand of Ragnaros -> 80",
  "",
  "--- Next day ---",
  "Sulfuras, Hand of Ragnaros -> 80",
  "",
  "--- Next day ---",
  "Sulfuras, Hand of Ragnaros -> 80",
  "",
  "--- Next day ---",
  "Sulfuras, Hand of Ragnaros -> 80",
  "",
  "--- Next day ---",
  "Sulfuras, Hand of Ragnaros -> 80",
  "",
  "--- Next day ---",
  "Sulfuras, Hand of Ragnaros -> 80",
  "",
  "--- Next day ---",
  "Sulfuras, Hand of Ragnaros -> 80",
  "",
  "--- Next day ---",
  "Sulfuras, Hand of Ragnaros -> 80",
  "",
  "--- Next day ---",
  "Sulfuras, Hand of Ragnaros -> 80",
  "",
  "--- Next day ---",
  "Sulfuras, Hand of Ragnaros -> 80",
  "",
  "--- Next day ---",
  "Sulfuras, Hand of Ragnaros -> 80",
  "",
  "--- Next day ---",
  "Sulfuras, Hand of Ragnaros -> 80",
  "",
  "--- Next day ---",
  "Sulfuras, Hand of Ragnaros -> 80",
  "",
  "--- Next day ---",
  "Sulfuras, Hand of Ragnaros -> 80",
  "",
  "--- Next day ---",
  "Sulfuras, Hand of Ragnaros -> 80",
  "",
  "--- Next day ---",
  "Sulfuras, Hand of Ragnaros -> 80",
  "",
  "--- Next day ---",
  "Sulfuras, Hand of Ragnaros -> 80",
  "",
  "--- Next day ---",
  "Sulfuras, Hand of Ragnaros -> 80",
  "",
  "--- Next day ---",
  "Sulfuras, Hand of Ragnaros -> 80",
  "",
  "--- Next day ---",
  "Sulfuras, Hand of Ragnaros -> 80",
  "",
  "--- Next day ---",
  "Sulfuras, Hand of Ragnaros -> 80",
  "",
  "--- Next day ---",
  "Sulfuras, Hand of Ragnaros -> 80",
  "",
  "--- Next day ---",
  "Sulfuras, Hand of Ragnaros -> 80",
  "",
  "--- Next day ---",
  "Sulfuras, Hand of Ragnaros -> 80",
  "",
  "--- Next day ---",
  "Sulfuras, Hand of Ragnaros -> 80",
  "",
  "--- Next day ---",
  "Sulfuras, Hand of Ragnaros -> 80",
  "",
  "--- Next day ---",
  "Sulfuras, Hand of Ragnaros -> 80",
  "",
  "--- Next day ---",
  "Sulfuras, Hand of Ragnaros -> 80",
  "",
  "--- Next day ---",
  "Sulfuras, Hand of Ragnaros -> 80",
  "",
  "--- Next day ---",
  "Sulfuras, Hand of Ragnaros -> 80",
  "",
  "--- Next day ---",
  "Sulfuras, Hand of Ragnaros -> 80",
  "",
  "--- Next day ---",
  "Sulfuras, Hand of Ragnaros -> 80",
  "",
  "--- Next day ---",
  "Sulfuras, Hand of Ragnaros -> 80",
  "",
  "--- Next day ---",
  "Sulfuras, Hand of Ragnaros -> 80",
  "",
  "--- Next day ---",
  "Sulfuras, Hand of Ragnaros -> 80",
  "",
  "--- Next day ---",
  "Sulfuras, Hand of Ragnaros -> 80",
  "",
  "--- Next day ---",
  "Sulfuras, Hand of Ragnaros -> 80",
  "",
  "--- Next day ---",
  "Sulfuras, Hand of Ragnaros -> 80",
  "",
  "--- Next day ---",
  "Sulfuras, Hand of Ragnaros -> 80",
  "",
  "--- Next day ---",
  "Sulfuras, Hand of Ragnaros -> 80",
  "",
  "--- Next day ---",
  "Sulfuras, Hand of Ragnaros -> 80",
  "",
  "--- Next day ---",
  "Sulfuras, Hand of Ragnaros -> 80",
  "",
  "--- Next day ---",
  "Sulfuras, Hand of Ragnaros -> 80",
  "",
  "--- Next day ---",
  "Sulfuras, Hand of Ragnaros -> 80",
  "",
  "--- Next day ---",
  "Sulfuras, Hand of Ragnaros -> 80",
  "",
  "--- Next day ---",
  "Sulfuras, Hand of Ragnaros -> 80",
  "",
  "--- Next day ---",
  "Sulfuras, Hand of Ragnaros -> 80",
  "",
  "--- Next day ---",
  "Sulfuras, Hand of Ragnaros -> 80",
  "",
  "--- Next day ---",
  "Sulfuras, Hand of Ragnaros -> 80",
  "",
  "--- Next day ---",
  "Sulfuras, Hand of Ragnaros -> 80",
  "",
  "--- Next day ---",
  "Sulfuras, Hand of Ragnaros -> 80",
  "",
  "--- Next day ---",
  "Sulfuras, Hand of Ragnaros -> 80",
  "",
  "--- Next day ---",
  "Sulfuras, Hand of Ragnaros -> 80",
  "",
  "--- Next day ---",
  "Sulfuras, Hand of Ragnaros -> 80",
  "",
  "--- Next day ---",
  "Sulfuras, Hand of Ragnaros -> 80",
  "",
  "--- Next day ---",
  "Sulfuras, Hand of Ragnaros -> 80",
  "",
  "--- Next day ---",
  "Sulfuras, Hand of Ragnaros -> 80",
  "",
  "--- Next day ---",
  "Sulfuras, Hand of Ragnaros -> 80",
  "",
  "--- Next day ---",
  "Sulfuras, Hand of Ragnaros -> 80",
  "",
  "--- Next day ---",
  "Sulfuras, Hand of Ragnaros -> 80",
  "",
  "--- Next day ---",
  "Sulfuras, Hand of Ragnaros -> 80",
  "",
  "--- Next day ---",
  "Sulfuras, Hand of Ragnaros -> 80",
  "",
  "--- Next day ---",
  "Sulfuras, Hand of Ragnaros -> 80",
  "",
  "--- Next day ---",
  "Sulfuras, Hand of Ragnaros -> 80",
  "",
  "--- Next day ---",
  "Sulfuras, Hand of Ragnaros -> 80",
  "",
  "--- Next day ---",
  "Sulfuras, Hand of Ragnaros -> 80",
  "",
  "--- Next day ---",
  "Sulfuras, Hand of Ragnaros -> 80",
  "",
  "--- Next day ---",
  "Sulfuras, Hand of Ragnaros -> 80",
  "",
  "--- Next day ---",
  "Sulfuras, Hand of Ragnaros -> 80",
  "",
  "--- Next day ---",
  "Sulfuras, Hand of Ragnaros -> 80",
  "",
  "--- Next day ---",
  "Sulfuras, Hand of Ragnaros -> 80",
  "",
  "--- Next day ---",
  "Sulfuras, Hand of Ragnaros -> 80",
  "",
  "--- Next day ---",
  "Sulfuras, Hand of Ragnaros -> 80",
  "",
  "--- Next day ---",
  "Sulfuras, Hand of Ragnaros -> 80",
  "",
  "--- Next day ---",
  "Sulfuras, Hand of Ragnaros -> 80",
  "",
  "--- Next day ---",
  "Sulfuras, Hand of Ragnaros -> 80",
  "",
  "--- Next day ---",
  "Sulfuras, Hand of Ragnaros -> 80",
  "",
  "--- Next day ---",
  "Sulfuras, Hand of Ragnaros -> 80",
  "",
  "--- Next day ---",
  "Sulfuras, Hand of Ragnaros -> 80",
  "",
  "--- Next day ---",
  "Sulfuras, Hand of Ragnaros -> 80",
  "",
  "--- Next day ---",
  "Sulfuras, Hand of Ragnaros -> 80",
  "",
  "--- Next day ---",
  "Sulfuras, Hand of Ragnaros -> 80",
  "",
  "--- Next day ---",
  "Sulfuras, Hand of Ragnaros -> 80",
  "",
]
`;

exports[`Sulfuras Aging of Sulfuras (sell in > quality) 1`] = `
[
  "--- Next day ---",
  "Sulfuras, Hand of Ragnaros -> 80",
  "",
  "--- Next day ---",
  "Sulfuras, Hand of Ragnaros -> 80",
  "",
  "--- Next day ---",
  "Sulfuras, Hand of Ragnaros -> 80",
  "",
  "--- Next day ---",
  "Sulfuras, Hand of Ragnaros -> 80",
  "",
  "--- Next day ---",
  "Sulfuras, Hand of Ragnaros -> 80",
  "",
  "--- Next day ---",
  "Sulfuras, Hand of Ragnaros -> 80",
  "",
  "--- Next day ---",
  "Sulfuras, Hand of Ragnaros -> 80",
  "",
  "--- Next day ---",
  "Sulfuras, Hand of Ragnaros -> 80",
  "",
  "--- Next day ---",
  "Sulfuras, Hand of Ragnaros -> 80",
  "",
  "--- Next day ---",
  "Sulfuras, Hand of Ragnaros -> 80",
  "",
  "--- Next day ---",
  "Sulfuras, Hand of Ragnaros -> 80",
  "",
  "--- Next day ---",
  "Sulfuras, Hand of Ragnaros -> 80",
  "",
  "--- Next day ---",
  "Sulfuras, Hand of Ragnaros -> 80",
  "",
  "--- Next day ---",
  "Sulfuras, Hand of Ragnaros -> 80",
  "",
  "--- Next day ---",
  "Sulfuras, Hand of Ragnaros -> 80",
  "",
  "--- Next day ---",
  "Sulfuras, Hand of Ragnaros -> 80",
  "",
  "--- Next day ---",
  "Sulfuras, Hand of Ragnaros -> 80",
  "",
  "--- Next day ---",
  "Sulfuras, Hand of Ragnaros -> 80",
  "",
  "--- Next day ---",
  "Sulfuras, Hand of Ragnaros -> 80",
  "",
  "--- Next day ---",
  "Sulfuras, Hand of Ragnaros -> 80",
  "",
  "--- Next day ---",
  "Sulfuras, Hand of Ragnaros -> 80",
  "",
  "--- Next day ---",
  "Sulfuras, Hand of Ragnaros -> 80",
  "",
  "--- Next day ---",
  "Sulfuras, Hand of Ragnaros -> 80",
  "",
  "--- Next day ---",
  "Sulfuras, Hand of Ragnaros -> 80",
  "",
  "--- Next day ---",
  "Sulfuras, Hand of Ragnaros -> 80",
  "",
  "--- Next day ---",
  "Sulfuras, Hand of Ragnaros -> 80",
  "",
  "--- Next day ---",
  "Sulfuras, Hand of Ragnaros -> 80",
  "",
  "--- Next day ---",
  "Sulfuras, Hand of Ragnaros -> 80",
  "",
  "--- Next day ---",
  "Sulfuras, Hand of Ragnaros -> 80",
  "",
  "--- Next day ---",
  "Sulfuras, Hand of Ragnaros -> 80",
  "",
  "--- Next day ---",
  "Sulfuras, Hand of Ragnaros -> 80",
  "",
  "--- Next day ---",
  "Sulfuras, Hand of Ragnaros -> 80",
  "",
  "--- Next day ---",
  "Sulfuras, Hand of Ragnaros -> 80",
  "",
  "--- Next day ---",
  "Sulfuras, Hand of Ragnaros -> 80",
  "",
  "--- Next day ---",
  "Sulfuras, Hand of Ragnaros -> 80",
  "",
  "--- Next day ---",
  "Sulfuras, Hand of Ragnaros -> 80",
  "",
  "--- Next day ---",
  "Sulfuras, Hand of Ragnaros -> 80",
  "",
  "--- Next day ---",
  "Sulfuras, Hand of Ragnaros -> 80",
  "",
  "--- Next day ---",
  "Sulfuras, Hand of Ragnaros -> 80",
  "",
  "--- Next day ---",
  "Sulfuras, Hand of Ragnaros -> 80",
  "",
  "--- Next day ---",
  "Sulfuras, Hand of Ragnaros -> 80",
  "",
  "--- Next day ---",
  "Sulfuras, Hand of Ragnaros -> 80",
  "",
  "--- Next day ---",
  "Sulfuras, Hand of Ragnaros -> 80",
  "",
  "--- Next day ---",
  "Sulfuras, Hand of Ragnaros -> 80",
  "",
  "--- Next day ---",
  "Sulfuras, Hand of Ragnaros -> 80",
  "",
  "--- Next day ---",
  "Sulfuras, Hand of Ragnaros -> 80",
  "",
  "--- Next day ---",
  "Sulfuras, Hand of Ragnaros -> 80",
  "",
  "--- Next day ---",
  "Sulfuras, Hand of Ragnaros -> 80",
  "",
  "--- Next day ---",
  "Sulfuras, Hand of Ragnaros -> 80",
  "",
  "--- Next day ---",
  "Sulfuras, Hand of Ragnaros -> 80",
  "",
  "--- Next day ---",
  "Sulfuras, Hand of Ragnaros -> 80",
  "",
  "--- Next day ---",
  "Sulfuras, Hand of Ragnaros -> 80",
  "",
  "--- Next day ---",
  "Sulfuras, Hand of Ragnaros -> 80",
  "",
  "--- Next day ---",
  "Sulfuras, Hand of Ragnaros -> 80",
  "",
  "--- Next day ---",
  "Sulfuras, Hand of Ragnaros -> 80",
  "",
  "--- Next day ---",
  "Sulfuras, Hand of Ragnaros -> 80",
  "",
  "--- Next day ---",
  "Sulfuras, Hand of Ragnaros -> 80",
  "",
  "--- Next day ---",
  "Sulfuras, Hand of Ragnaros -> 80",
  "",
  "--- Next day ---",
  "Sulfuras, Hand of Ragnaros -> 80",
  "",
  "--- Next day ---",
  "Sulfuras, Hand of Ragnaros -> 80",
  "",
  "--- Next day ---",
  "Sulfuras, Hand of Ragnaros -> 80",
  "",
  "--- Next day ---",
  "Sulfuras, Hand of Ragnaros -> 80",
  "",
  "--- Next day ---",
  "Sulfuras, Hand of Ragnaros -> 80",
  "",
  "--- Next day ---",
  "Sulfuras, Hand of Ragnaros -> 80",
  "",
  "--- Next day ---",
  "Sulfuras, Hand of Ragnaros -> 80",
  "",
  "--- Next day ---",
  "Sulfuras, Hand of Ragnaros -> 80",
  "",
  "--- Next day ---",
  "Sulfuras, Hand of Ragnaros -> 80",
  "",
  "--- Next day ---",
  "Sulfuras, Hand of Ragnaros -> 80",
  "",
  "--- Next day ---",
  "Sulfuras, Hand of Ragnaros -> 80",
  "",
  "--- Next day ---",
  "Sulfuras, Hand of Ragnaros -> 80",
  "",
  "--- Next day ---",
  "Sulfuras, Hand of Ragnaros -> 80",
  "",
  "--- Next day ---",
  "Sulfuras, Hand of Ragnaros -> 80",
  "",
  "--- Next day ---",
  "Sulfuras, Hand of Ragnaros -> 80",
  "",
  "--- Next day ---",
  "Sulfuras, Hand of Ragnaros -> 80",
  "",
  "--- Next day ---",
  "Sulfuras, Hand of Ragnaros -> 80",
  "",
  "--- Next day ---",
  "Sulfuras, Hand of Ragnaros -> 80",
  "",
  "--- Next day ---",
  "Sulfuras, Hand of Ragnaros -> 80",
  "",
  "--- Next day ---",
  "Sulfuras, Hand of Ragnaros -> 80",
  "",
  "--- Next day ---",
  "Sulfuras, Hand of Ragnaros -> 80",
  "",
  "--- Next day ---",
  "Sulfuras, Hand of Ragnaros -> 80",
  "",
  "--- Next day ---",
  "Sulfuras, Hand of Ragnaros -> 80",
  "",
  "--- Next day ---",
  "Sulfuras, Hand of Ragnaros -> 80",
  "",
  "--- Next day ---",
  "Sulfuras, Hand of Ragnaros -> 80",
  "",
  "--- Next day ---",
  "Sulfuras, Hand of Ragnaros -> 80",
  "",
  "--- Next day ---",
  "Sulfuras, Hand of Ragnaros -> 80",
  "",
  "--- Next day ---",
  "Sulfuras, Hand of Ragnaros -> 80",
  "",
  "--- Next day ---",
  "Sulfuras, Hand of Ragnaros -> 80",
  "",
  "--- Next day ---",
  "Sulfuras, Hand of Ragnaros -> 80",
  "",
  "--- Next day ---",
  "Sulfuras, Hand of Ragnaros -> 80",
  "",
  "--- Next day ---",
  "Sulfuras, Hand of Ragnaros -> 80",
  "",
  "--- Next day ---",
  "Sulfuras, Hand of Ragnaros -> 80",
  "",
  "--- Next day ---",
  "Sulfuras, Hand of Ragnaros -> 80",
  "",
  "--- Next day ---",
  "Sulfuras, Hand of Ragnaros -> 80",
  "",
  "--- Next day ---",
  "Sulfuras, Hand of Ragnaros -> 80",
  "",
  "--- Next day ---",
  "Sulfuras, Hand of Ragnaros -> 80",
  "",
  "--- Next day ---",
  "Sulfuras, Hand of Ragnaros -> 80",
  "",
  "--- Next day ---",
  "Sulfuras, Hand of Ragnaros -> 80",
  "",
  "--- Next day ---",
  "Sulfuras, Hand of Ragnaros -> 80",
  "",
  "--- Next day ---",
  "Sulfuras, Hand of Ragnaros -> 80",
  "",
  "--- Next day ---",
  "Sulfuras, Hand of Ragnaros -> 80",
  "",
  "--- Next day ---",
  "Sulfuras, Hand of Ragnaros -> 80",
  "",
  "--- Next day ---",
  "Sulfuras, Hand of Ragnaros -> 80",
  "",
  "--- Next day ---",
  "Sulfuras, Hand of Ragnaros -> 80",
  "",
  "--- Next day ---",
  "Sulfuras, Hand of Ragnaros -> 80",
  "",
  "--- Next day ---",
  "Sulfuras, Hand of Ragnaros -> 80",
  "",
  "--- Next day ---",
  "Sulfuras, Hand of Ragnaros -> 80",
  "",
  "--- Next day ---",
  "Sulfuras, Hand of Ragnaros -> 80",
  "",
  "--- Next day ---",
  "Sulfuras, Hand of Ragnaros -> 80",
  "",
  "--- Next day ---",
  "Sulfuras, Hand of Ragnaros -> 80",
  "",
  "--- Next day ---",
  "Sulfuras, Hand of Ragnaros -> 80",
  "",
]
`;
